
> rec-marketplace@0.1.0 build
> next build

Γû▓ Next.js 16.2.9 (Turbopack)
- Environments: .env.local

  Creating an optimized production build ...
node.exe : Found 1 warning 
while optimizing generated 
CSS:
At line:1 char:1
+ & "C:\Program 
Files\nodejs/node.exe" 
"C:\Program 
Files\nodejs/node_mo ...
+ ~~~~~~~~~~~~~~~~~~~~~~~~~~~
~~~~~~~~~~~~~~~~~~~~~~~~~~~~~
~~~~~~~~~~~~~
    + CategoryInfo           
   : NotSpecified: (Found 1  
   warning... generated CS   
 S::String) [], RemoteExc    
eption
    + FullyQualifiedErrorId  
   : NativeCommandError
 

[2mΓöé   }[22m
[2mΓöé }[22m
[2mΓöé[22m @import url('htt
ps://fonts.googleapis.com/css
2?family=Inter:wght@300;400;5
00;600;700;800;900&family=Spa
ce+Grotesk:wght@400;500;600;7
00&display=swap');
[2mΓöå[22m        
[33m[2m^--[22m @import 
rules must precede all rules 
aside from @charset and 
@layer statements[39m
[2mΓöå[22m
[2mΓöé :root {[22m
[2mΓöé   
--color-emerald-50: 
#ecfdf5;[22m


> Build error occurred
Error: Turbopack build 
failed with 7 errors:
./src/app/page.tsx:55:16
Expected ',', got 'ident'
  [90m53 |[0m     title: 
[32m'Global Scale'[0m,
  [90m54 |[0m     
description:
[31m[1m>[0m [90m55 |[0m 
      [32m'Stellar'[0ms 
[35m5[0m-second finality 
and ~$0[35m.00001[0m fees 
make cross-border 
[33mREC[0m trading truly 
...
  [90m   |[0m              
  [31m[1m^[0m
  [90m56 |[0m [32m  },[0m
  [90m57 |[0m [32m];[0m
  [90m58 |[0m

Parsing ecmascript source 
code failed


./src/hooks/useWallet.ts:4:1
Export FREIGHTER_ID doesn't 
exist in target module
  [90m2 |[0m ...
  [90m3 |[0m ...t, useRef, 
useState } [36mfrom[0m 
[32m'react'[0m;
[31m[1m>[0m [90m4 |[0m 
...[33mlletNetwork[0m, 
[33mWalletType[0m, 
[33mISupportedWallet[0m, 
[33mFREIGHTER_ID[0m, 
[33mXBULL_ID[0m, 
[33mALBEDO_ID[0m } 
[36mfrom[0m 
[32m'@cr...[0m
  [90m  |[0m    [31m[1m^^
^^^^^^^^^^^^^^^^^^^^^^^^^^^^^
^^^^^^^^^^^^^^^^^^^^^^^^^^^^^
^^^^^^^^^^^^^^^^^^^^^^^^^^^^^
^^[0m
  [90m5 |[0m ... 
[32m'@/store'[0m;
  [90m6 |[0m 
...[36mrom[0m 
[32m'@/lib/contracts'[0m;
  [90m7 |[0m 
...[32m@/lib/logger'[0m;

The export FREIGHTER_ID was 
not found in module [project]
/node_modules/@creit.tech/ste
llar-wallets-kit/esm/mod.js 
[app-client] (ecmascript).
Did you mean to import 
KitEventType?
All exports of the module 
are statically known (It 
doesn't have dynamic 
exports). So it's known 
statically that the 
requested export doesn't 
exist.

Import traces:
  Client Component Browser:
    ./src/hooks/useWallet.ts 
[Client Component Browser]
    ./src/components/wallet/W
alletConnect.tsx [Client 
Component Browser]
    ./src/app/marketplace/pag
e.tsx [Client Component 
Browser]
    ./src/app/marketplace/pag
e.tsx [Server Component]

  Client Component SSR:
    ./src/hooks/useWallet.ts 
[Client Component SSR]
    ./src/components/wallet/W
alletConnect.tsx [Client 
Component SSR]
    ./src/app/marketplace/pag
e.tsx [Client Component SSR]
    ./src/app/marketplace/pag
e.tsx [Server Component]


./src/hooks/useWallet.ts:4:1
Export FREIGHTER_ID doesn't 
exist in target module
  [90m 2 |[0m
  [90m 3 |[0m 
[36mimport[0m { 
useCallback, useEffect, 
useRef, useState } 
[36mfrom[0m 
[32m'react'[0m;
[31m[1m>[0m [90m 4 |[0m 
[36mimport[0m {
  [90m   |[0m 
[31m[1m^^^^^^^[0m
[31m[1m>[0m [90m 5 |[0m 
  [33mStellarWalletsKit[0m,
  [90m   |[0m [31m[1m^^^^
^^^^^^^^^^^^^^^^[0m
[31m[1m>[0m [90m 6 |[0m 
  [33mWalletNetwork[0m,
  [90m   |[0m 
[31m[1m^^^^^^^^^^^^^^^^[0m
[31m[1m>[0m [90m 7 |[0m 
  [33mWalletType[0m,
  [90m   |[0m 
[31m[1m^^^^^^^^^^^^^[0m
[31m[1m>[0m [90m 8 |[0m 
  [33mISupportedWallet[0m,
  [90m   |[0m [31m[1m^^^^
^^^^^^^^^^^^^^^[0m
[31m[1m>[0m [90m 9 |[0m 
  [33mFREIGHTER_ID[0m,
  [90m   |[0m 
[31m[1m^^^^^^^^^^^^^^^[0m
[31m[1m>[0m [90m10 |[0m 
  [33mXBULL_ID[0m,
  [90m   |[0m 
[31m[1m^^^^^^^^^^^[0m
[31m[1m>[0m [90m11 |[0m 
  [33mALBEDO_ID[0m,
  [90m   |[0m 
[31m[1m^^^^^^^^^^^^[0m
[31m[1m>[0m [90m12 |[0m 
} [36mfrom[0m [32m'@creit.
tech/stellar-wallets-kit'[0m
;
  [90m   |[0m [31m[1m^^^^
^^^^^^^^^^^^^^^^^^^^^^^^^^^^^
^^^^^^^^[0m
  [90m13 |[0m 
[36mimport[0m { 
useWalletStore } 
[36mfrom[0m 
[32m'@/store'[0m;
  [90m14 |[0m 
[36mimport[0m { 
getAccountBalance } 
[36mfrom[0m 
[32m'@/lib/contracts'[0m;
  [90m15 |[0m 
[36mimport[0m { 
walletLogger } [36mfrom[0m 
[32m'@/lib/logger'[0m;

The export FREIGHTER_ID was 
not found in module [project]
/node_modules/@creit.tech/ste
llar-wallets-kit/esm/mod.js 
[app-ssr] (ecmascript).
Did you mean to import 
KitEventType?
All exports of the module 
are statically known (It 
doesn't have dynamic 
exports). So it's known 
statically that the 
requested export doesn't 
exist.

Import traces:
  Client Component Browser:
    ./src/hooks/useWallet.ts 
[Client Component Browser]
    ./src/components/wallet/W
alletConnect.tsx [Client 
Component Browser]
    ./src/app/marketplace/pag
e.tsx [Client Component 
Browser]
    ./src/app/marketplace/pag
e.tsx [Server Component]

  Client Component SSR:
    ./src/hooks/useWallet.ts 
[Client Component SSR]
    ./src/components/wallet/W
alletConnect.tsx [Client 
Component SSR]
    ./src/app/marketplace/pag
e.tsx [Client Component SSR]
    ./src/app/marketplace/pag
e.tsx [Server Component]


./src/lib/contracts.ts:1:1
Export SorobanRpc doesn't 
exist in target module
[31m[1m>[0m [90m 1 |[0m 
[36mimport[0m {
  [90m   |[0m 
[31m[1m^^^^^^^[0m
[31m[1m>[0m [90m 2 |[0m 
  [33mContract[0m,
  [90m   |[0m 
[31m[1m^^^^^^^^^^^[0m
[31m[1m>[0m [90m 3 |[0m 
  [33mSorobanRpc[0m,
  [90m   |[0m 
[31m[1m^^^^^^^^^^^^^[0m
[31m[1m>[0m [90m 4 |[0m 
  
[33mTransactionBuilder[0m,
  [90m   |[0m [31m[1m^^^^
^^^^^^^^^^^^^^^^^[0m
[31m[1m>[0m [90m 5 |[0m 
  [33mNetworks[0m,
  [90m   |[0m 
[31m[1m^^^^^^^^^^^[0m
[31m[1m>[0m [90m 6 |[0m 
  [33mBASE_FEE[0m,
  [90m   |[0m 
[31m[1m^^^^^^^^^^^[0m
[31m[1m>[0m [90m 7 |[0m 
  xdr,
  [90m   |[0m 
[31m[1m^^^^^^[0m
[31m[1m>[0m [90m 8 |[0m 
  [33mAddress[0m,
  [90m   |[0m 
[31m[1m^^^^^^^^^^[0m
[31m[1m>[0m [90m 9 |[0m 
  nativeToScVal,
  [90m   |[0m 
[31m[1m^^^^^^^^^^^^^^^^[0m
[31m[1m>[0m [90m10 |[0m 
  scValToNative,
  [90m   |[0m 
[31m[1m^^^^^^^^^^^^^^^^[0m
[31m[1m>[0m [90m11 |[0m 
} [36mfrom[0m [32m'@stella
r/stellar-sdk'[0m;
  [90m   |[0m [31m[1m^^^^
^^^^^^^^^^^^^^^^^^^^^^^^^^[0
m
  [90m12 |[0m 
[36mimport[0m {
  [90m13 |[0m   [33mMARKET
PLACE_CONTRACT_ID[0m,
  [90m14 |[0m   [33mREGIST
RY_CONTRACT_ID[0m,

The export SorobanRpc was 
not found in module [project]
/node_modules/@stellar/stella
r-sdk/lib/esm/index.js 
[app-client] (ecmascript).
Did you mean to import 
Soroban?
All exports of the module 
are statically known (It 
doesn't have dynamic 
exports). So it's known 
statically that the 
requested export doesn't 
exist.

Import traces:
  Client Component Browser:
    ./src/lib/contracts.ts 
[Client Component Browser]
    ./src/hooks/useREC.ts 
[Client Component Browser]
    ./src/app/marketplace/pag
e.tsx [Client Component 
Browser]
    ./src/app/marketplace/pag
e.tsx [Server Component]

  Client Component SSR:
    ./src/lib/contracts.ts 
[Client Component SSR]
    ./src/hooks/useREC.ts 
[Client Component SSR]
    ./src/app/marketplace/pag
e.tsx [Client Component SSR]
    ./src/app/marketplace/pag
e.tsx [Server Component]


./src/lib/contracts.ts:1:1
Export SorobanRpc doesn't 
exist in target module
[31m[1m>[0m [90m 1 |[0m 
[36mimport[0m {
  [90m   |[0m 
[31m[1m^^^^^^^[0m
[31m[1m>[0m [90m 2 |[0m 
  [33mContract[0m,
  [90m   |[0m 
[31m[1m^^^^^^^^^^^[0m
[31m[1m>[0m [90m 3 |[0m 
  [33mSorobanRpc[0m,
  [90m   |[0m 
[31m[1m^^^^^^^^^^^^^[0m
[31m[1m>[0m [90m 4 |[0m 
  
[33mTransactionBuilder[0m,
  [90m   |[0m [31m[1m^^^^
^^^^^^^^^^^^^^^^^[0m
[31m[1m>[0m [90m 5 |[0m 
  [33mNetworks[0m,
  [90m   |[0m 
[31m[1m^^^^^^^^^^^[0m
[31m[1m>[0m [90m 6 |[0m 
  [33mBASE_FEE[0m,
  [90m   |[0m 
[31m[1m^^^^^^^^^^^[0m
[31m[1m>[0m [90m 7 |[0m 
  xdr,
  [90m   |[0m 
[31m[1m^^^^^^[0m
[31m[1m>[0m [90m 8 |[0m 
  [33mAddress[0m,
  [90m   |[0m 
[31m[1m^^^^^^^^^^[0m
[31m[1m>[0m [90m 9 |[0m 
  nativeToScVal,
  [90m   |[0m 
[31m[1m^^^^^^^^^^^^^^^^[0m
[31m[1m>[0m [90m10 |[0m 
  scValToNative,
  [90m   |[0m 
[31m[1m^^^^^^^^^^^^^^^^[0m
[31m[1m>[0m [90m11 |[0m 
} [36mfrom[0m [32m'@stella
r/stellar-sdk'[0m;
  [90m   |[0m [31m[1m^^^^
^^^^^^^^^^^^^^^^^^^^^^^^^^[0
m
  [90m12 |[0m 
[36mimport[0m {
  [90m13 |[0m   [33mMARKET
PLACE_CONTRACT_ID[0m,
  [90m14 |[0m   [33mREGIST
RY_CONTRACT_ID[0m,

The export SorobanRpc was 
not found in module [project]
/node_modules/@stellar/stella
r-sdk/lib/esm/index.js 
[app-ssr] (ecmascript).
Did you mean to import 
Soroban?
All exports of the module 
are statically known (It 
doesn't have dynamic 
exports). So it's known 
statically that the 
requested export doesn't 
exist.

Import traces:
  Client Component Browser:
    ./src/lib/contracts.ts 
[Client Component Browser]
    ./src/hooks/useREC.ts 
[Client Component Browser]
    ./src/app/marketplace/pag
e.tsx [Client Component 
Browser]
    ./src/app/marketplace/pag
e.tsx [Server Component]

  Client Component SSR:
    ./src/lib/contracts.ts 
[Client Component SSR]
    ./src/hooks/useREC.ts 
[Client Component SSR]
    ./src/app/marketplace/pag
e.tsx [Client Component SSR]
    ./src/app/marketplace/pag
e.tsx [Server Component]


./src/hooks/useWallet.ts:4:1
Export WalletNetwork doesn't 
exist in target module
  [90m2 |[0m ...
  [90m3 |[0m ...t, useRef, 
useState } [36mfrom[0m 
[32m'react'[0m;
[31m[1m>[0m [90m4 |[0m 
...[33mlletNetwork[0m, 
[33mWalletType[0m, 
[33mISupportedWallet[0m, 
[33mFREIGHTER_ID[0m, 
[33mXBULL_ID[0m, 
[33mALBEDO_ID[0m } 
[36mfrom[0m 
[32m'@cr...[0m
  [90m  |[0m    [31m[1m^^
^^^^^^^^^^^^^^^^^^^^^^^^^^^^^
^^^^^^^^^^^^^^^^^^^^^^^^^^^^^
^^^^^^^^^^^^^^^^^^^^^^^^^^^^^
^^[0m
  [90m5 |[0m ... 
[32m'@/store'[0m;
  [90m6 |[0m 
...[36mrom[0m 
[32m'@/lib/contracts'[0m;
  [90m7 |[0m 
...[32m@/lib/logger'[0m;

The export WalletNetwork was 
not found in module [project]
/node_modules/@creit.tech/ste
llar-wallets-kit/esm/mod.js 
[app-client] (ecmascript).
Did you mean to import 
selectedNetwork?
All exports of the module 
are statically known (It 
doesn't have dynamic 
exports). So it's known 
statically that the 
requested export doesn't 
exist.

Import traces:
  Client Component Browser:
    ./src/hooks/useWallet.ts 
[Client Component Browser]
    ./src/components/wallet/W
alletConnect.tsx [Client 
Component Browser]
    ./src/app/marketplace/pag
e.tsx [Client Component 
Browser]
    ./src/app/marketplace/pag
e.tsx [Server Component]

  Client Component SSR:
    ./src/hooks/useWallet.ts 
[Client Component SSR]
    ./src/components/wallet/W
alletConnect.tsx [Client 
Component SSR]
    ./src/app/marketplace/pag
e.tsx [Client Component SSR]
    ./src/app/marketplace/pag
e.tsx [Server Component]


./src/hooks/useWallet.ts:4:1
Export WalletNetwork doesn't 
exist in target module
  [90m 2 |[0m
  [90m 3 |[0m 
[36mimport[0m { 
useCallback, useEffect, 
useRef, useState } 
[36mfrom[0m 
[32m'react'[0m;
[31m[1m>[0m [90m 4 |[0m 
[36mimport[0m {
  [90m   |[0m 
[31m[1m^^^^^^^[0m
[31m[1m>[0m [90m 5 |[0m 
  [33mStellarWalletsKit[0m,
  [90m   |[0m [31m[1m^^^^
^^^^^^^^^^^^^^^^[0m
[31m[1m>[0m [90m 6 |[0m 
  [33mWalletNetwork[0m,
  [90m   |[0m 
[31m[1m^^^^^^^^^^^^^^^^[0m
[31m[1m>[0m [90m 7 |[0m 
  [33mWalletType[0m,
  [90m   |[0m 
[31m[1m^^^^^^^^^^^^^[0m
[31m[1m>[0m [90m 8 |[0m 
  [33mISupportedWallet[0m,
  [90m   |[0m [31m[1m^^^^
^^^^^^^^^^^^^^^[0m
[31m[1m>[0m [90m 9 |[0m 
  [33mFREIGHTER_ID[0m,
  [90m   |[0m 
[31m[1m^^^^^^^^^^^^^^^[0m
[31m[1m>[0m [90m10 |[0m 
  [33mXBULL_ID[0m,
  [90m   |[0m 
[31m[1m^^^^^^^^^^^[0m
[31m[1m>[0m [90m11 |[0m 
  [33mALBEDO_ID[0m,
  [90m   |[0m 
[31m[1m^^^^^^^^^^^^[0m
[31m[1m>[0m [90m12 |[0m 
} [36mfrom[0m [32m'@creit.
tech/stellar-wallets-kit'[0m
;
  [90m   |[0m [31m[1m^^^^
^^^^^^^^^^^^^^^^^^^^^^^^^^^^^
^^^^^^^^[0m
  [90m13 |[0m 
[36mimport[0m { 
useWalletStore } 
[36mfrom[0m 
[32m'@/store'[0m;
  [90m14 |[0m 
[36mimport[0m { 
getAccountBalance } 
[36mfrom[0m 
[32m'@/lib/contracts'[0m;
  [90m15 |[0m 
[36mimport[0m { 
walletLogger } [36mfrom[0m 
[32m'@/lib/logger'[0m;

The export WalletNetwork was 
not found in module [project]
/node_modules/@creit.tech/ste
llar-wallets-kit/esm/mod.js 
[app-ssr] (ecmascript).
Did you mean to import 
selectedNetwork?
All exports of the module 
are statically known (It 
doesn't have dynamic 
exports). So it's known 
statically that the 
requested export doesn't 
exist.

Import traces:
  Client Component Browser:
    ./src/hooks/useWallet.ts 
[Client Component Browser]
    ./src/components/wallet/W
alletConnect.tsx [Client 
Component Browser]
    ./src/app/marketplace/pag
e.tsx [Client Component 
Browser]
    ./src/app/marketplace/pag
e.tsx [Server Component]

  Client Component SSR:
    ./src/hooks/useWallet.ts 
[Client Component SSR]
    ./src/components/wallet/W
alletConnect.tsx [Client 
Component SSR]
    ./src/app/marketplace/pag
e.tsx [Client Component SSR]
    ./src/app/marketplace/pag
e.tsx [Server Component]


    at <unknown> 
(./src/app/page.tsx:55:16)
    at <unknown> (./src/hooks
/useWallet.ts:4:1)
    at <unknown> (./src/hooks
/useWallet.ts:4:1)
    at <unknown> 
(./src/lib/contracts.ts:1:1)
    at <unknown> 
(./src/lib/contracts.ts:1:1)
    at <unknown> (./src/hooks
/useWallet.ts:4:1)
    at <unknown> (./src/hooks
/useWallet.ts:4:1)
